// Jest Snapshot v1, https://goo.gl/fbAQLP

exports[`Button  should render correctly  1`] = `
<span
  className="button-container"
>
  hello world
</span>
`;
